// Vitest Snapshot v1, https://vitest.dev/guide/snapshot.html

exports[`Test Product Page > Should Render Product Page Component 1`] = `
<div>
  <main
    class="_product_716e15"
  >
    <div
      class="_breadcrumb_716e15"
      data-testid="breadcrumb"
    >
      <div>
        Home
      </div>
      <svg
        class="lucide lucide-chevron-right"
        fill="none"
        height="16"
        stroke="currentColor"
        stroke-linecap="round"
        stroke-linejoin="round"
        stroke-width="2"
        viewBox="0 0 24 24"
        width="16"
        xmlns="http://www.w3.org/2000/svg"
      >
        <path
          d="m9 18 6-6-6-6"
        />
      </svg>
      <div>
        Shop
      </div>
      <svg
        class="lucide lucide-chevron-right"
        fill="none"
        height="16"
        stroke="currentColor"
        stroke-linecap="round"
        stroke-linejoin="round"
        stroke-width="2"
        viewBox="0 0 24 24"
        width="16"
        xmlns="http://www.w3.org/2000/svg"
      >
        <path
          d="m9 18 6-6-6-6"
        />
      </svg>
      <div>
        Category-2
      </div>
      <svg
        class="lucide lucide-chevron-right"
        fill="none"
        height="16"
        stroke="currentColor"
        stroke-linecap="round"
        stroke-linejoin="round"
        stroke-width="2"
        viewBox="0 0 24 24"
        width="16"
        xmlns="http://www.w3.org/2000/svg"
      >
        <path
          d="m9 18 6-6-6-6"
        />
      </svg>
      product-1
    </div>
    <div
      class="_product-overview_716e15"
    >
      <section
        class="_media_716e15"
      >
        <div
          class="_display-image_716e15"
        >
          <img
            alt="product-1"
            data-testid="display-image"
            src="/image/product-1.png"
          />
        </div>
        <div
          class="_image-carousel_716e15"
        >
          <div
            class="_left-arrow_716e15"
          >
            <svg
              class="lucide lucide-chevron-left"
              fill="none"
              height="24"
              stroke="currentColor"
              stroke-linecap="round"
              stroke-linejoin="round"
              stroke-width="2"
              viewBox="0 0 24 24"
              width="24"
              xmlns="http://www.w3.org/2000/svg"
            >
              <path
                d="m15 18-6-6 6-6"
              />
            </svg>
          </div>
          <div
            class="_carousel-track_716e15"
          >
            <div
              class="_image_716e15 _displayed_716e15"
              data-testid="image-1"
            >
              <img
                alt="product-1"
                src="/image/product-1.png"
              />
            </div>
            <div
              class="_image_716e15 _displayed_716e15"
              data-testid="image-2"
            >
              <img
                alt="product-1"
                src="/image/product-1.png"
              />
            </div>
            <div
              class="_image_716e15 _displayed_716e15"
              data-testid="image-3"
            >
              <img
                alt="product-1"
                src="/image/product-1.png"
              />
            </div>
            <div
              class="_image_716e15 _displayed_716e15"
              data-testid="image-4"
            >
              <img
                alt="product-1"
                src="/image/product-1.png"
              />
            </div>
          </div>
          <div
            class="_right-arrow_716e15"
          >
            <svg
              class="lucide lucide-chevron-right"
              fill="none"
              height="24"
              stroke="currentColor"
              stroke-linecap="round"
              stroke-linejoin="round"
              stroke-width="2"
              viewBox="0 0 24 24"
              width="24"
              xmlns="http://www.w3.org/2000/svg"
            >
              <path
                d="m9 18 6-6-6-6"
              />
            </svg>
          </div>
        </div>
      </section>
      <section
        class="_detail_716e15"
      >
        <div
          class="_top-detail_716e15"
        >
          <h2
            class="_product-title_716e15"
          >
            product-1
          </h2>
          <div
            class="_product-price_716e15"
          >
            $110
          </div>
        </div>
        <div
          class="_main-detail_716e15"
        >
          <div
            class="_detail-option_716e15"
          >
            <div
              class="_detail-button_716e15 _active_716e15"
              data-testid="detail-button"
            >
              Detail
            </div>
            <div
              class="_info-button_716e15 __716e15"
              data-testid="info-button"
            >
              Important Information
            </div>
          </div>
          <div
            class="_detail-content_716e15"
          >
            <div
              class="_product-detail_716e15"
            >
              <div
                class="_min-order_716e15"
              >
                Min Order: 1 Pcs
              </div>
              <div
                class="_product-category_716e15"
              >
                Category:
                <div>
                  Category-2
                </div>
              </div>
              <div
                class="_product-description_716e15"
              >
                product bla bla bla number - 1
              </div>
            </div>
          </div>
        </div>
      </section>
      <aside>
        <div
          class="_option-container_716e15"
        >
          <div>
            Order Option
          </div>
          <div
            class="_product-image_716e15"
          >
            <img
              alt="product-1"
              src="/image/product-1.png"
            />
          </div>
          <div
            class="_order-amount_716e15"
          >
            <button
              class="_reduce-amount_716e15"
              data-testid="reduce-amount"
              disabled=""
            >
              <svg
                class="lucide lucide-minus"
                fill="none"
                height="16"
                stroke="currentColor"
                stroke-linecap="round"
                stroke-linejoin="round"
                stroke-width="2"
                viewBox="0 0 24 24"
                width="16"
                xmlns="http://www.w3.org/2000/svg"
              >
                <path
                  d="M5 12h14"
                />
              </svg>
            </button>
            <div
              class="_amount_716e15"
              data-testid="amount"
            >
              1
            </div>
            <button
              class="_add-amount_716e15"
              data-testid="add-amount"
            >
              <svg
                class="lucide lucide-plus"
                fill="none"
                height="16"
                stroke="currentColor"
                stroke-linecap="round"
                stroke-linejoin="round"
                stroke-width="2"
                viewBox="0 0 24 24"
                width="16"
                xmlns="http://www.w3.org/2000/svg"
              >
                <path
                  d="M5 12h14"
                />
                <path
                  d="M12 5v14"
                />
              </svg>
            </button>
          </div>
          <div
            class="_subtotal_716e15"
          >
            <p>
              Subtotal
            </p>
            <p
              data-testid="subtotal"
            >
              $110
            </p>
          </div>
          <button
            class="_add-to-cart_716e15"
            data-testid="add-to-cart"
          >
            <div
              class="_displayed_716e15"
            >
              <svg
                class="lucide lucide-plus"
                fill="none"
                height="16"
                stroke="currentColor"
                stroke-linecap="round"
                stroke-linejoin="round"
                stroke-width="2"
                viewBox="0 0 24 24"
                width="16"
                xmlns="http://www.w3.org/2000/svg"
              >
                <path
                  d="M5 12h14"
                />
                <path
                  d="M12 5v14"
                />
              </svg>
              Add to Cart
            </div>
            <div
              class="_hovered_716e15"
            >
              <svg
                class="lucide lucide-plus"
                fill="none"
                height="16"
                stroke="currentColor"
                stroke-linecap="round"
                stroke-linejoin="round"
                stroke-width="2"
                viewBox="0 0 24 24"
                width="16"
                xmlns="http://www.w3.org/2000/svg"
              >
                <path
                  d="M5 12h14"
                />
                <path
                  d="M12 5v14"
                />
              </svg>
              Add to Cart
            </div>
          </button>
          <div
            class="_actions_716e15"
          >
            <div
              class="_wishlist_716e15 _inactive_716e15"
              data-testid="wishlist-button"
            >
              <div
                class="_heart-icon_716e15"
              >
                <svg
                  class="lucide lucide-heart"
                  fill="none"
                  height="16"
                  stroke="currentColor"
                  stroke-linecap="round"
                  stroke-linejoin="round"
                  stroke-width="2"
                  viewBox="0 0 24 24"
                  width="16"
                  xmlns="http://www.w3.org/2000/svg"
                >
                  <path
                    d="M19 14c1.49-1.46 3-3.21 3-5.5A5.5 5.5 0 0 0 16.5 3c-1.76 0-3 .5-4.5 2-1.5-1.5-2.74-2-4.5-2A5.5 5.5 0 0 0 2 8.5c0 2.3 1.5 4.05 3 5.5l7 7Z"
                  />
                </svg>
              </div>
              Wishlist
            </div>
            <div
              class="_share_716e15"
            >
              <svg
                class="lucide lucide-share"
                fill="none"
                height="16"
                stroke="currentColor"
                stroke-linecap="round"
                stroke-linejoin="round"
                stroke-width="2"
                viewBox="0 0 24 24"
                width="16"
                xmlns="http://www.w3.org/2000/svg"
              >
                <path
                  d="M4 12v8a2 2 0 0 0 2 2h12a2 2 0 0 0 2-2v-8"
                />
                <polyline
                  points="16 6 12 2 8 6"
                />
                <line
                  x1="12"
                  x2="12"
                  y1="2"
                  y2="15"
                />
              </svg>
              Share
            </div>
          </div>
        </div>
      </aside>
    </div>
  </main>
</div>
`;
