// Vitest Snapshot v1, https://vitest.dev/guide/snapshot.html

exports[`Test Home Page > Should Render Home Page 1`] = `
<div>
  <aside>
    <div
      class="_categories_1c2789"
    >
      <div>
        Categories
      </div>
      <div
        class="_category-lists_1c2789"
        data-testid="category-lists"
      >
        <button
          class="_category_1c2789"
          data-testid="category-button-0"
        >
          category-1
        </button>
        <button
          class="_category_1c2789"
          data-testid="category-button-1"
        >
          category-2
        </button>
      </div>
    </div>
  </aside>
  <main>
    <h2>
      All Products
    </h2>
  </main>
</div>
`;
