// Vitest Snapshot v1, https://vitest.dev/guide/snapshot.html

exports[`Home Page Test > Renders Home Page 1`] = `
<div>
  <header>
    <nav>
      <div
        class="_hero_d33141"
      >
        <h1>
          Shoppers
        </h1>
      </div>
      <div
        class="_search-container_d33141"
      >
        <label
          for="search"
        >
          <svg
            class="lucide lucide-search"
            fill="none"
            height="16"
            stroke="currentColor"
            stroke-linecap="round"
            stroke-linejoin="round"
            stroke-width="2"
            title="Search Icon"
            viewBox="0 0 24 24"
            width="16"
            xmlns="http://www.w3.org/2000/svg"
          >
            <circle
              cx="11"
              cy="11"
              r="8"
            />
            <path
              d="m21 21-4.3-4.3"
            />
          </svg>
        </label>
        <input
          id="search"
          placeholder="Search Here..."
          type="text"
          value=""
        />
      </div>
      <button
        class="_cart-button_d33141"
        data-testid="cart-button"
      >
        <svg
          class="lucide lucide-shopping-cart"
          fill="none"
          height="16"
          stroke="currentColor"
          stroke-linecap="round"
          stroke-linejoin="round"
          stroke-width="2"
          title="Cart Button"
          viewBox="0 0 24 24"
          width="16"
          xmlns="http://www.w3.org/2000/svg"
        >
          <circle
            cx="8"
            cy="21"
            r="1"
          />
          <circle
            cx="19"
            cy="21"
            r="1"
          />
          <path
            d="M2.05 2.05h2l2.66 12.42a2 2 0 0 0 2 1.58h9.78a2 2 0 0 0 1.95-1.57l1.65-7.43H5.12"
          />
        </svg>
      </button>
      <button
        class="_notification-button_d33141"
        data-testid="notification-button"
      >
        <svg
          class="lucide lucide-bell"
          fill="none"
          height="16"
          stroke="currentColor"
          stroke-linecap="round"
          stroke-linejoin="round"
          stroke-width="2"
          viewBox="0 0 24 24"
          width="16"
          xmlns="http://www.w3.org/2000/svg"
        >
          <path
            d="M10.268 21a2 2 0 0 0 3.464 0"
          />
          <path
            d="M3.262 15.326A1 1 0 0 0 4 17h16a1 1 0 0 0 .74-1.673C19.41 13.956 18 12.499 18 8A6 6 0 0 0 6 8c0 4.499-1.411 5.956-2.738 7.326"
          />
        </svg>
      </button>
    </nav>
  </header>
  <main>
    <div
      class="_hero_716e15"
    >
      <div
        class="_carousel_716e15"
        data-testid="products-carousel-section"
      />
    </div>
    <div
      class="_categories_716e15"
      data-testid="categories-section"
    >
      <h2>
        Categories
      </h2>
    </div>
  </main>
</div>
`;
