// Vitest Snapshot v1, https://vitest.dev/guide/snapshot.html

exports[`Home Page Test > Renders Home Page 1`] = `
<div>
  <main>
    <div
      class="_hero_716e15"
    >
      <div
        class="_carousel_716e15"
        data-testid="products-carousel-section"
      />
    </div>
    <div
      class="_categories_716e15"
      data-testid="categories-section"
    >
      <h2>
        Categories
      </h2>
    </div>
    <div
      class="_call-to-action_716e15"
    >
      <img
        alt="Call to Action Background"
        src=""
      />
      <button>
        Shop Now
      </button>
    </div>
  </main>
</div>
`;
